Archive member included to satisfy reference by file (symbol)

C:/ST/STM32CubeIDE_1.19.0/STM32CubeIDE/plugins/com.st.stm32cube.ide.mcu.externaltools.gnu-tools-for-stm32.13.3.rel1.win32_1.0.0.202411081344/tools/bin/../lib/gcc/arm-none-eabi/13.3.1/../../../../arm-none-eabi/lib/thumb/v7-m/nofp\libc_nano.a(libc_a-exit.o)
                              C:/ST/STM32CubeIDE_1.19.0/STM32CubeIDE/plugins/com.st.stm32cube.ide.mcu.externaltools.gnu-tools-for-stm32.13.3.rel1.win32_1.0.0.202411081344/tools/bin/../lib/gcc/arm-none-eabi/13.3.1/../../../../arm-none-eabi/lib/thumb/v7-m/nofp/crt0.o (exit)
C:/ST/STM32CubeIDE_1.19.0/STM32CubeIDE/plugins/com.st.stm32cube.ide.mcu.externaltools.gnu-tools-for-stm32.13.3.rel1.win32_1.0.0.202411081344/tools/bin/../lib/gcc/arm-none-eabi/13.3.1/../../../../arm-none-eabi/lib/thumb/v7-m/nofp\libc_nano.a(libc_a-findfp.o)
                              C:/ST/STM32CubeIDE_1.19.0/STM32CubeIDE/plugins/com.st.stm32cube.ide.mcu.externaltools.gnu-tools-for-stm32.13.3.rel1.win32_1.0.0.202411081344/tools/bin/../lib/gcc/arm-none-eabi/13.3.1/../../../../arm-none-eabi/lib/thumb/v7-m/nofp\libc_nano.a(libc_a-exit.o) (__stdio_exit_handler)
C:/ST/STM32CubeIDE_1.19.0/STM32CubeIDE/plugins/com.st.stm32cube.ide.mcu.externaltools.gnu-tools-for-stm32.13.3.rel1.win32_1.0.0.202411081344/tools/bin/../lib/gcc/arm-none-eabi/13.3.1/../../../../arm-none-eabi/lib/thumb/v7-m/nofp\libc_nano.a(libc_a-fwalk.o)
                              C:/ST/STM32CubeIDE_1.19.0/STM32CubeIDE/plugins/com.st.stm32cube.ide.mcu.externaltools.gnu-tools-for-stm32.13.3.rel1.win32_1.0.0.202411081344/tools/bin/../lib/gcc/arm-none-eabi/13.3.1/../../../../arm-none-eabi/lib/thumb/v7-m/nofp\libc_nano.a(libc_a-findfp.o) (_fwalk_sglue)
C:/ST/STM32CubeIDE_1.19.0/STM32CubeIDE/plugins/com.st.stm32cube.ide.mcu.externaltools.gnu-tools-for-stm32.13.3.rel1.win32_1.0.0.202411081344/tools/bin/../lib/gcc/arm-none-eabi/13.3.1/../../../../arm-none-eabi/lib/thumb/v7-m/nofp\libc_nano.a(libc_a-stdio.o)
                              C:/ST/STM32CubeIDE_1.19.0/STM32CubeIDE/plugins/com.st.stm32cube.ide.mcu.externaltools.gnu-tools-for-stm32.13.3.rel1.win32_1.0.0.202411081344/tools/bin/../lib/gcc/arm-none-eabi/13.3.1/../../../../arm-none-eabi/lib/thumb/v7-m/nofp\libc_nano.a(libc_a-findfp.o) (__sread)
C:/ST/STM32CubeIDE_1.19.0/STM32CubeIDE/plugins/com.st.stm32cube.ide.mcu.externaltools.gnu-tools-for-stm32.13.3.rel1.win32_1.0.0.202411081344/tools/bin/../lib/gcc/arm-none-eabi/13.3.1/../../../../arm-none-eabi/lib/thumb/v7-m/nofp\libc_nano.a(libc_a-memset.o)
                              C:/ST/STM32CubeIDE_1.19.0/STM32CubeIDE/plugins/com.st.stm32cube.ide.mcu.externaltools.gnu-tools-for-stm32.13.3.rel1.win32_1.0.0.202411081344/tools/bin/../lib/gcc/arm-none-eabi/13.3.1/../../../../arm-none-eabi/lib/thumb/v7-m/nofp/crt0.o (memset)
C:/ST/STM32CubeIDE_1.19.0/STM32CubeIDE/plugins/com.st.stm32cube.ide.mcu.externaltools.gnu-tools-for-stm32.13.3.rel1.win32_1.0.0.202411081344/tools/bin/../lib/gcc/arm-none-eabi/13.3.1/../../../../arm-none-eabi/lib/thumb/v7-m/nofp\libc_nano.a(libc_a-closer.o)
                              C:/ST/STM32CubeIDE_1.19.0/STM32CubeIDE/plugins/com.st.stm32cube.ide.mcu.externaltools.gnu-tools-for-stm32.13.3.rel1.win32_1.0.0.202411081344/tools/bin/../lib/gcc/arm-none-eabi/13.3.1/../../../../arm-none-eabi/lib/thumb/v7-m/nofp\libc_nano.a(libc_a-stdio.o) (_close_r)
C:/ST/STM32CubeIDE_1.19.0/STM32CubeIDE/plugins/com.st.stm32cube.ide.mcu.externaltools.gnu-tools-for-stm32.13.3.rel1.win32_1.0.0.202411081344/tools/bin/../lib/gcc/arm-none-eabi/13.3.1/../../../../arm-none-eabi/lib/thumb/v7-m/nofp\libc_nano.a(libc_a-reent.o)
                              C:/ST/STM32CubeIDE_1.19.0/STM32CubeIDE/plugins/com.st.stm32cube.ide.mcu.externaltools.gnu-tools-for-stm32.13.3.rel1.win32_1.0.0.202411081344/tools/bin/../lib/gcc/arm-none-eabi/13.3.1/../../../../arm-none-eabi/lib/thumb/v7-m/nofp\libc_nano.a(libc_a-closer.o) (errno)
C:/ST/STM32CubeIDE_1.19.0/STM32CubeIDE/plugins/com.st.stm32cube.ide.mcu.externaltools.gnu-tools-for-stm32.13.3.rel1.win32_1.0.0.202411081344/tools/bin/../lib/gcc/arm-none-eabi/13.3.1/../../../../arm-none-eabi/lib/thumb/v7-m/nofp\libc_nano.a(libc_a-impure.o)
                              C:/ST/STM32CubeIDE_1.19.0/STM32CubeIDE/plugins/com.st.stm32cube.ide.mcu.externaltools.gnu-tools-for-stm32.13.3.rel1.win32_1.0.0.202411081344/tools/bin/../lib/gcc/arm-none-eabi/13.3.1/../../../../arm-none-eabi/lib/thumb/v7-m/nofp\libc_nano.a(libc_a-reent.o) (_impure_ptr)
C:/ST/STM32CubeIDE_1.19.0/STM32CubeIDE/plugins/com.st.stm32cube.ide.mcu.externaltools.gnu-tools-for-stm32.13.3.rel1.win32_1.0.0.202411081344/tools/bin/../lib/gcc/arm-none-eabi/13.3.1/../../../../arm-none-eabi/lib/thumb/v7-m/nofp\libc_nano.a(libc_a-lseekr.o)
[...]
Memory Configuration

Name             Origin             Length             Attributes
RAM              0x20000000         0x00002800         xrw
FLASH            0x08000000         0x00008000         xr
*default*        0x00000000         0xffffffff

Linker script and memory map

LOAD C:/ST/STM32CubeIDE_1.19.0/STM32CubeIDE/plugins/com.st.stm32cube.ide.mcu.externaltools.gnu-tools-for-stm32.13.3.rel1.win32_1.0.0.202411081344/tools/bin/../lib/gcc/arm-none-eabi/13.3.1/thumb/v7-m/nofp/crti.o
LOAD C:/ST/STM32CubeIDE_1.19.0/STM32CubeIDE/plugins/com.st.stm32cube.ide.mcu.externaltools.gnu-tools-for-stm32.13.3.rel1.win32_1.0.0.202411081344/tools/bin/../lib/gcc/arm-none-eabi/13.3.1/thumb/v7-m/nofp/crtbegin.o
LOAD C:/ST/STM32CubeIDE_1.19.0/STM32CubeIDE/plugins/com.st.stm32cube.ide.mcu.externaltools.gnu-tools-for-stm32.13.3.rel1.win32_1.0.0.202411081344/tools/bin/../lib/gcc/arm-none-eabi/13.3.1/../../../../arm-none-eabi/lib/thumb/v7-m/nofp/crt0.o
LOAD ./Core/Src/apply/apply.o
LOAD ./Core/Src/comm/adc_comm.o
LOAD ./Core/Src/comm/i2c_comm.o
LOAD ./Core/Src/comm/uart_comm.o
LOAD ./Core/Src/main.o
LOAD ./Core/Src/stm32f1xx_hal_msp.o
LOAD ./Core/Src/stm32f1xx_it.o
LOAD ./Core/Src/syscalls.o
LOAD ./Core/Src/sysmem.o
LOAD ./Core/Src/system_stm32f1xx.o
LOAD ./Core/Src/sensor/AC_sensor.o
LOAD ./Core/Src/sensor/DC_sensor.o
LOAD ./Core/Src/sensor/DC_sensor2.o
LOAD ./Core/Startup/startup_stm32f103c6tx.o
LOAD ./Drivers/STM32F1xx_HAL_Driver/Src/stm32f1xx_hal.o
LOAD ./Drivers/STM32F1xx_HAL_Driver/Src/stm32f1xx_hal_cortex.o
LOAD ./Drivers/STM32F1xx_HAL_Driver/Src/stm32f1xx_hal_dma.o
LOAD ./Drivers/STM32F1xx_HAL_Driver/Src/stm32f1xx_hal_exti.o
LOAD ./Drivers/STM32F1xx_HAL_Driver/Src/stm32f1xx_hal_flash.o
LOAD ./Drivers/STM32F1xx_HAL_Driver/Src/stm32f1xx_hal_flash_ex.o
LOAD ./Drivers/STM32F1xx_HAL_Driver/Src/stm32f1xx_hal_gpio.o
LOAD ./Drivers/STM32F1xx_HAL_Driver/Src/stm32f1xx_hal_gpio_ex.o
LOAD ./Drivers/STM32F1xx_HAL_Driver/Src/stm32f1xx_hal_pwr.o
LOAD ./Drivers/STM32F1xx_HAL_Driver/Src/stm32f1xx_hal_rcc.o
LOAD ./Drivers/STM32F1xx_HAL_Driver/Src/stm32f1xx_hal_rcc_ex.o
LOAD ./Drivers/STM32F1xx_HAL_Driver/Src/stm32f1xx_hal_uart.o
START GROUP
LOAD C:/ST/STM32CubeIDE_1.19.0/STM32CubeIDE/plugins/com.st.stm32cube.ide.mcu.externaltools.gnu-tools-for-stm32.13.3.rel1.win32_1.0.0.202411081344/tools/bin/../lib/gcc/arm-none-eabi/13.3.1/../../../../arm-none-eabi/lib/thumb/v7-m/nofp\libc_nano.a
LOAD C:/ST/STM32CubeIDE_1.19.0/STM32CubeIDE/plugins/com.st.stm32cube.ide.mcu.externaltools.gnu-tools-for-stm32.13.3.rel1.win32_1.0.0.202411081344/tools/bin/../lib/gcc/arm-none-eabi/13.3.1/../../../../arm-none-eabi/lib/thumb/v7-m/nofp\libm.a
END GROUP
START GROUP
LOAD C:/ST/STM32CubeIDE_1.19.0/STM32CubeIDE/plugins/com.st.stm32cube.ide.mcu.externaltools.gnu-tools-for-stm32.13.3.rel1.win32_1.0.0.202411081344/tools/bin/../lib/gcc/arm-none-eabi/13.3.1/thumb/v7-m/nofp\libgcc.a
LOAD C:/ST/STM32CubeIDE_1.19.0/STM32CubeIDE/plugins/com.st.stm32cube.ide.mcu.externaltools.gnu-tools-for-stm32.13.3.rel1.win32_1.0.0.202411081344/tools/bin/../lib/gcc/arm-none-eabi/13.3.1/../../../../arm-none-eabi/lib/thumb/v7-m/nofp\libc_nano.a
END GROUP
START GROUP
LOAD C:/ST/STM32CubeIDE_1.19.0/STM32CubeIDE/plugins/com.st.stm32cube.ide.mcu.externaltools.gnu-tools-for-stm32.13.3.rel1.win32_1.0.0.202411081344/tools/bin/../lib/gcc/arm-none-eabi/13.3.1/thumb/v7-m/nofp\libgcc.a
LOAD C:/ST/STM32CubeIDE_1.19.0/STM32CubeIDE/plugins/com.st.stm32cube.ide.mcu.externaltools.gnu-tools-for-stm32.13.3.rel1.win32_1.0.0.202411081344/tools/bin/../lib/gcc/arm-none-eabi/13.3.1/../../../../arm-none-eabi/lib/thumb/v7-m/nofp\libc_nano.a
LOAD C:/ST/STM32CubeIDE_1.19.0/STM32CubeIDE/plugins/com.st.stm32cube.ide.mcu.externaltools.gnu-tools-for-stm32.13.3.rel1.win32_1.0.0.202411081344/tools/bin/../lib/gcc/arm-none-eabi/13.3.1/../../../../arm-none-eabi/lib/thumb/v7-m/nofp\libnosys.a
END GROUP
START GROUP
LOAD C:/ST/STM32CubeIDE_1.19.0/STM32CubeIDE/plugins/com.st.stm32cube.ide.mcu.externaltools.gnu-tools-for-stm32.13.3.rel1.win32_1.0.0.202411081344/tools/bin/../lib/gcc/arm-none-eabi/13.3.1/thumb/v7-m/nofp\libgcc.a
LOAD C:/ST/STM32CubeIDE_1.19.0/STM32CubeIDE/plugins/com.st.stm32cube.ide.mcu.externaltools.gnu-tools-for-stm32.13.3.rel1.win32_1.0.0.202411081344/tools/bin/../lib/gcc/arm-none-eabi/13.3.1/../../../../arm-none-eabi/lib/thumb/v7-m/nofp\libc_nano.a
LOAD C:/ST/STM32CubeIDE_1.19.0/STM32CubeIDE/plugins/com.st.stm32cube.ide.mcu.externaltools.gnu-tools-for-stm32.13.3.rel1.win32_1.0.0.202411081344/tools/bin/../lib/gcc/arm-none-eabi/13.3.1/../../../../arm-none-eabi/lib/thumb/v7-m/nofp\libnosys.a
END GROUP
LOAD C:/ST/STM32CubeIDE_1.19.0/STM32CubeIDE/plugins/com.st.stm32cube.ide.mcu.externaltools.gnu-tools-for-stm32.13.3.rel1.win32_1.0.0.202411081344/tools/bin/../lib/gcc/arm-none-eabi/13.3.1/thumb/v7-m/nofp/crtend.o
LOAD C:/ST/STM32CubeIDE_1.19.0/STM32CubeIDE/plugins/com.st.stm32cube.ide.mcu.externaltools.gnu-tools-for-stm32.13.3.rel1.win32_1.0.0.202411081344/tools/bin/../lib/gcc/arm-none-eabi/13.3.1/thumb/v7-m/nofp/crtn.o
                0x20002800                        _estack = (ORIGIN (RAM) + LENGTH (RAM))
                0x00000200                        _Min_Heap_Size = 0x200
                0x00000400                        _Min_Stack_Size = 0x400

.isr_vector     0x08000000      0x10c
                0x08000000                        . = ALIGN (0x4)
 *(.isr_vector)
 .isr_vector    0x08000000      0x10c ./Core/Startup/startup_stm32f103c6tx.o
                0x08000000                g_pfnVectors
                0x0800010c                        . = ALIGN (0x4)

.text           0x0800010c     0x286c
                0x0800010c                        . = ALIGN (0x4)
 *(.text)
 .text          0x0800010c       0x40 C:/ST/STM32CubeIDE_1.19.0/STM32CubeIDE/plugins/com.st.stm32cube.ide.mcu.externaltools.gnu-tools-for-stm32.13.3.rel1.win32_1.0.0.202411081344/tools/bin/../lib/gcc/arm-none-eabi/13.3.1/thumb/v7-m/nofp/crtbegin.o
 *(.text*)
 .text.dc_init  0x0800014c       0x1c ./Core/Src/apply/apply.o
 .text.dc_run   0x08000168       0x54 ./Core/Src/apply/apply.o
 .text.APP_Init
                0x080001bc        0xc ./Core/Src/apply/apply.o
                0x080001bc                APP_Init
 .text.APP_Run  0x080001c8        0xc ./Core/Src/apply/apply.o
                0x080001c8                APP_Run
 .text.UART_FindIndex
                0x080001d4       0x54 ./Core/Src/comm/uart_comm.o
 .text.UART_ID_Register
                0x08000228       0xa4 ./Core/Src/comm/uart_comm.o
                0x08000228                UART_ID_Register
 .text.UART_Comm_Transmit_IT
                0x080002cc      0x108 ./Core/Src/comm/uart_comm.o
                0x080002cc                UART_Comm_Transmit_IT
 .text.UART_Comm_Receive_IT
                0x080003d4      0x108 ./Core/Src/comm/uart_comm.o
                0x080003d4                UART_Comm_Receive_IT
 .text.UART_Comm_IsTxDone
                0x080004dc       0x38 ./Core/Src/comm/uart_comm.o
                0x080004dc                UART_Comm_IsTxDone
 .text.UART_Comm_IsRxDone
                0x08000514       0x38 ./Core/Src/comm/uart_comm.o
                0x08000514                UART_Comm_IsRxDone
 .text.UART_Comm_IsBusy
                0x0800054c       0x5c ./Core/Src/comm/uart_comm.o
                0x0800054c                UART_Comm_IsBusy
 .text.UART_Comm_HasError
                0x080005a8       0x38 ./Core/Src/comm/uart_comm.o
                0x080005a8                UART_Comm_HasError
 .text.UART_Comm_ClearFlags
                0x080005e0       0x5c ./Core/Src/comm/uart_comm.o
                0x080005e0                UART_Comm_ClearFlags
 .text.HAL_UART_TxCpltCallback
                0x0800063c       0x4c ./Core/Src/comm/uart_comm.o
                0x0800063c                HAL_UART_TxCpltCallback
 .text.HAL_UART_RxCpltCallback
                0x08000688       0x4c ./Core/Src/comm/uart_comm.o
                0x08000688                HAL_UART_RxCpltCallback
 .text.HAL_UART_ErrorCallback
                0x080006d4       0x60 ./Core/Src/comm/uart_comm.o
                0x080006d4                HAL_UART_ErrorCallback
 .text.main     0x08000734       0x1e ./Core/Src/main.o
                0x08000734                main
 .text.SystemClock_Config
                0x08000752       0x8a ./Core/Src/main.o
                0x08000752                SystemClock_Config
 .text.MX_USART1_UART_Init
                0x080007dc       0x54 ./Core/Src/main.o
 .text.MX_GPIO_Init
                0x08000830       0x44 ./Core/Src/main.o
 .text.Error_Handler
                0x08000874        0xc ./Core/Src/main.o
                0x08000874                Error_Handler
 .text.HAL_MspInit
                0x08000880       0x64 ./Core/Src/stm32f1xx_hal_msp.o
                0x08000880                HAL_MspInit
 .text.HAL_UART_MspInit
                0x080008e4       0xa8 ./Core/Src/stm32f1xx_hal_msp.o
                0x080008e4                HAL_UART_MspInit
 .text.NMI_Handler
                0x0800098c        0x8 ./Core/Src/stm32f1xx_it.o
                0x0800098c                NMI_Handler
 .text.HardFault_Handler
                0x08000994        0x8 ./Core/Src/stm32f1xx_it.o
                0x08000994                HardFault_Handler
 .text.MemManage_Handler
                0x0800099c        0x8 ./Core/Src/stm32f1xx_it.o
                0x0800099c                MemManage_Handler
 .text.BusFault_Handler
                0x080009a4        0x8 ./Core/Src/stm32f1xx_it.o
                0x080009a4                BusFault_Handler
 .text.UsageFault_Handler
                0x080009ac        0x8 ./Core/Src/stm32f1xx_it.o
                0x080009ac                UsageFault_Handler
 .text.SVC_Handler
                0x080009b4        0xc ./Core/Src/stm32f1xx_it.o
                0x080009b4                SVC_Handler
 .text.DebugMon_Handler
                0x080009c0        0xc ./Core/Src/stm32f1xx_it.o
                0x080009c0                DebugMon_Handler
 .text.PendSV_Handler
                0x080009cc        0xc ./Core/Src/stm32f1xx_it.o
                0x080009cc                PendSV_Handler
 .text.SysTick_Handler
                0x080009d8        0xc ./Core/Src/stm32f1xx_it.o
                0x080009d8                SysTick_Handler
 .text.USART1_IRQHandler
                0x080009e4       0x14 ./Core/Src/stm32f1xx_it.o
                0x080009e4                USART1_IRQHandler
 .text.SystemInit
                0x080009f8        0xc ./Core/Src/system_stm32f1xx.o
                0x080009f8                SystemInit
 .text.PZEM003_DC_BuildCommand
                0x08000a04       0x40 ./Core/Src/sensor/DC_sensor.o
 .text.calcCRC  0x08000a44       0x78 ./Core/Src/sensor/DC_sensor.o
 .text.PZEM003_CRC_CHECK
                0x08000abc       0x58 ./Core/Src/sensor/DC_sensor.o
 .text.PZEM003_DC_ParseRawValue
                0x08000b14      0x10e ./Core/Src/sensor/DC_sensor.o
                0x08000b14                PZEM003_DC_ParseRawValue
 *fill*         0x08000c22        0x2 
 .text.PZEM003_DC_Sensor_Request
                0x08000c24       0x78 ./Core/Src/sensor/DC_sensor.o
                0x08000c24                PZEM003_DC_Sensor_Request
 .text.PZEM003_DC_Sensor_Init
                0x08000c9c       0x50 ./Core/Src/sensor/DC_sensor.o
                0x08000c9c                PZEM003_DC_Sensor_Init
 .text.PZEM003_DC_Sensor_Task
                0x08000cec       0xb8 ./Core/Src/sensor/DC_sensor.o
                0x08000cec                PZEM003_DC_Sensor_Task
 .text.PZEM003_DC_Sensor_GetRaw
                0x08000da4       0x68 ./Core/Src/sensor/DC_sensor.o
                0x08000da4                PZEM003_DC_Sensor_GetRaw
 .text.Reset_Handler
                0x08000e0c       0x48 ./Core/Startup/startup_stm32f103c6tx.o
                0x08000e0c                Reset_Handler
 .text.Default_Handler
                0x08000e54        0x2 ./Core/Startup/startup_stm32f103c6tx.o
                0x08000e54                RTC_Alarm_IRQHandler
                0x08000e54                EXTI2_IRQHandler
                0x08000e54                TIM1_CC_IRQHandler
                0x08000e54                PVD_IRQHandler
                0x08000e54                EXTI3_IRQHandler
                0x08000e54                EXTI0_IRQHandler
                0x08000e54                ADC1_2_IRQHandler
                0x08000e54                SPI1_IRQHandler
                0x08000e54                TAMPER_IRQHandler
                0x08000e54                DMA1_Channel4_IRQHandler
                0x08000e54                RTC_IRQHandler
                0x08000e54                DMA1_Channel7_IRQHandler
                0x08000e54                CAN1_RX1_IRQHandler
                0x08000e54                I2C1_EV_IRQHandler
                0x08000e54                DMA1_Channel6_IRQHandler
                0x08000e54                TIM3_IRQHandler
                0x08000e54                RCC_IRQHandler
                0x08000e54                TIM1_TRG_COM_IRQHandler
                0x08000e54                DMA1_Channel1_IRQHandler
                0x08000e54                Default_Handler
                0x08000e54                EXTI15_10_IRQHandler
                0x08000e54                EXTI9_5_IRQHandler
                0x08000e54                DMA1_Channel5_IRQHandler
                0x08000e54                EXTI4_IRQHandler
                0x08000e54                USB_LP_CAN1_RX0_IRQHandler
                0x08000e54                USB_HP_CAN1_TX_IRQHandler
                0x08000e54                DMA1_Channel3_IRQHandler
                0x08000e54                TIM1_UP_IRQHandler
                0x08000e54                WWDG_IRQHandler
                0x08000e54                TIM2_IRQHandler
                0x08000e54                TIM1_BRK_IRQHandler
                0x08000e54                EXTI1_IRQHandler
                0x08000e54                USART2_IRQHandler
                0x08000e54                DMA1_Channel2_IRQHandler
                0x08000e54                CAN1_SCE_IRQHandler
                0x08000e54                FLASH_IRQHandler
                0x08000e54                I2C1_ER_IRQHandler
                0x08000e54                USBWakeUp_IRQHandler
 *fill*         0x08000e56        0x2 
 .text.HAL_Init
                0x08000e58       0x2c ./Drivers/STM32F1xx_HAL_Driver/Src/stm32f1xx_hal.o
                0x08000e58                HAL_Init
 .text.HAL_InitTick
                0x08000e84       0x60 ./Drivers/STM32F1xx_HAL_Driver/Src/stm32f1xx_hal.o
                0x08000e84                HAL_InitTick
 .text.HAL_IncTick
                0x08000ee4       0x24 ./Drivers/STM32F1xx_HAL_Driver/Src/stm32f1xx_hal.o
                0x08000ee4                HAL_IncTick
 .text.HAL_GetTick
                0x08000f08       0x14 ./Drivers/STM32F1xx_HAL_Driver/Src/stm32f1xx_hal.o
                0x08000f08                HAL_GetTick
 .text.__NVIC_SetPriorityGrouping
                0x08000f1c       0x48 ./Drivers/STM32F1xx_HAL_Driver/Src/stm32f1xx_hal_cortex.o
 .text.__NVIC_GetPriorityGrouping
                0x08000f64       0x1c ./Drivers/STM32F1xx_HAL_Driver/Src/stm32f1xx_hal_cortex.o
 .text.__NVIC_EnableIRQ
                0x08000f80       0x38 ./Drivers/STM32F1xx_HAL_Driver/Src/stm32f1xx_hal_cortex.o
 .text.__NVIC_SetPriority
                0x08000fb8       0x54 ./Drivers/STM32F1xx_HAL_Driver/Src/stm32f1xx_hal_cortex.o
 .text.NVIC_EncodePriority
                0x0800100c       0x64 ./Drivers/STM32F1xx_HAL_Driver/Src/stm32f1xx_hal_cortex.o
 .text.SysTick_Config
                0x08001070       0x44 ./Drivers/STM32F1xx_HAL_Driver/Src/stm32f1xx_hal_cortex.o
 .text.HAL_NVIC_SetPriorityGrouping
                0x080010b4       0x16 ./Drivers/STM32F1xx_HAL_Driver/Src/stm32f1xx_hal_cortex.o
                0x080010b4                HAL_NVIC_SetPriorityGrouping
 .text.HAL_NVIC_SetPriority
                0x080010ca       0x38 ./Drivers/STM32F1xx_HAL_Driver/Src/stm32f1xx_hal_cortex.o
                0x080010ca                HAL_NVIC_SetPriority
 .text.HAL_NVIC_EnableIRQ
                0x08001102       0x1c ./Drivers/STM32F1xx_HAL_Driver/Src/stm32f1xx_hal_cortex.o
                0x08001102                HAL_NVIC_EnableIRQ
 .text.HAL_SYSTICK_Config
                0x0800111e       0x18 ./Drivers/STM32F1xx_HAL_Driver/Src/stm32f1xx_hal_cortex.o
                0x0800111e                HAL_SYSTICK_Config
 .text.HAL_DMA_Abort
                0x08001136       0x76 ./Drivers/STM32F1xx_HAL_Driver/Src/stm32f1xx_hal_dma.o
                0x08001136                HAL_DMA_Abort
 .text.HAL_DMA_Abort_IT
                0x080011ac       0xf0 ./Drivers/STM32F1xx_HAL_Driver/Src/stm32f1xx_hal_dma.o
                0x080011ac                HAL_DMA_Abort_IT
 .text.HAL_GPIO_Init
                0x0800129c      0x2f8 ./Drivers/STM32F1xx_HAL_Driver/Src/stm32f1xx_hal_gpio.o
                0x0800129c                HAL_GPIO_Init
 .text.HAL_RCC_OscConfig
                0x08001594      0x504 ./Drivers/STM32F1xx_HAL_Driver/Src/stm32f1xx_hal_rcc.o
                0x08001594                HAL_RCC_OscConfig
 .text.HAL_RCC_ClockConfig
                0x08001a98      0x1d4 ./Drivers/STM32F1xx_HAL_Driver/Src/stm32f1xx_hal_rcc.o
                0x08001a98                HAL_RCC_ClockConfig
 .text.HAL_RCC_GetSysClockFreq
                0x08001c6c       0xa8 ./Drivers/STM32F1xx_HAL_Driver/Src/stm32f1xx_hal_rcc.o
                0x08001c6c                HAL_RCC_GetSysClockFreq
 .text.HAL_RCC_GetHCLKFreq
                0x08001d14       0x14 ./Drivers/STM32F1xx_HAL_Driver/Src/stm32f1xx_hal_rcc.o
                0x08001d14                HAL_RCC_GetHCLKFreq
 .text.HAL_RCC_GetPCLK1Freq
                0x08001d28       0x28 ./Drivers/STM32F1xx_HAL_Driver/Src/stm32f1xx_hal_rcc.o
                0x08001d28                HAL_RCC_GetPCLK1Freq
 .text.HAL_RCC_GetPCLK2Freq
                0x08001d50       0x28 ./Drivers/STM32F1xx_HAL_Driver/Src/stm32f1xx_hal_rcc.o
                0x08001d50                HAL_RCC_GetPCLK2Freq
 .text.RCC_Delay
                0x08001d78       0x3c ./Drivers/STM32F1xx_HAL_Driver/Src/stm32f1xx_hal_rcc.o
 .text.HAL_UART_Init
                0x08001db4       0xa0 ./Drivers/STM32F1xx_HAL_Driver/Src/stm32f1xx_hal_uart.o
                0x08001db4                HAL_UART_Init
 .text.HAL_UART_Transmit_IT
                0x08001e54       0x6a ./Drivers/STM32F1xx_HAL_Driver/Src/stm32f1xx_hal_uart.o
                0x08001e54                HAL_UART_Transmit_IT
 .text.HAL_UART_Receive_IT
                0x08001ebe       0x4a ./Drivers/STM32F1xx_HAL_Driver/Src/stm32f1xx_hal_uart.o
                0x08001ebe                HAL_UART_Receive_IT
 .text.HAL_UART_IRQHandler
                0x08001f08      0x524 ./Drivers/STM32F1xx_HAL_Driver/Src/stm32f1xx_hal_uart.o
                0x08001f08                HAL_UART_IRQHandler
 .text.HAL_UARTEx_RxEventCallback
                0x0800242c       0x16 ./Drivers/STM32F1xx_HAL_Driver/Src/stm32f1xx_hal_uart.o
                0x0800242c                HAL_UARTEx_RxEventCallback
 .text.UART_Start_Receive_IT
                0x08002442       0x72 ./Drivers/STM32F1xx_HAL_Driver/Src/stm32f1xx_hal_uart.o
                0x08002442                UART_Start_Receive_IT
 .text.UART_EndRxTransfer
                0x080024b4       0xc4 ./Drivers/STM32F1xx_HAL_Driver/Src/stm32f1xx_hal_uart.o
 .text.UART_DMAAbortOnError
                0x08002578       0x28 ./Drivers/STM32F1xx_HAL_Driver/Src/stm32f1xx_hal_uart.o
 .text.UART_Transmit_IT
                0x080025a0       0x9e ./Drivers/STM32F1xx_HAL_Driver/Src/stm32f1xx_hal_uart.o
 .text.UART_EndTransmit_IT
                0x0800263e       0x30 ./Drivers/STM32F1xx_HAL_Driver/Src/stm32f1xx_hal_uart.o
 .text.UART_Receive_IT
                0x0800266e      0x17c ./Drivers/STM32F1xx_HAL_Driver/Src/stm32f1xx_hal_uart.o
 *fill*         0x080027ea        0x2 
 .text.UART_SetConfig
                0x080027ec      0x11c ./Drivers/STM32F1xx_HAL_Driver/Src/stm32f1xx_hal_uart.o
 .text.memset   0x08002908       0x10 C:/ST/STM32CubeIDE_1.19.0/STM32CubeIDE/plugins/com.st.stm32cube.ide.mcu.externaltools.gnu-tools-for-stm32.13.3.rel1.win32_1.0.0.202411081344/tools/bin/../lib/gcc/arm-none-eabi/13.3.1/../../../../arm-none-eabi/lib/thumb/v7-m/nofp\libc_nano.a(libc_a-memset.o)
                0x08002908                memset
 .text.__libc_init_array
                0x08002918       0x48 C:/ST/STM32CubeIDE_1.19.0/STM32CubeIDE/plugins/com.st.stm32cube.ide.mcu.externaltools.gnu-tools-for-stm32.13.3.rel1.win32_1.0.0.202411081344/tools/bin/../lib/gcc/arm-none-eabi/13.3.1/../../../../arm-none-eabi/lib/thumb/v7-m/nofp\libc_nano.a(libc_a-init.o)
                0x08002918                __libc_init_array
 *(.glue_7)
 .glue_7        0x08002960        0x0 linker stubs
 *(.glue_7t)
 .glue_7t       0x08002960        0x0 linker stubs
 *(.eh_frame)
 .eh_frame      0x08002960        0x0 C:/ST/STM32CubeIDE_1.19.0/STM32CubeIDE/plugins/com.st.stm32cube.ide.mcu.externaltools.gnu-tools-for-stm32.13.3.rel1.win32_1.0.0.202411081344/tools/bin/../lib/gcc/arm-none-eabi/13.3.1/thumb/v7-m/nofp/crtbegin.o
 *(.init)
 .init          0x08002960        0x4 C:/ST/STM32CubeIDE_1.19.0/STM32CubeIDE/plugins/com.st.stm32cube.ide.mcu.externaltools.gnu-tools-for-stm32.13.3.rel1.win32_1.0.0.202411081344/tools/bin/../lib/gcc/arm-none-eabi/13.3.1/thumb/v7-m/nofp/crti.o
                0x08002960                _init
 .init          0x08002964        0x8 C:/ST/STM32CubeIDE_1.19.0/STM32CubeIDE/plugins/com.st.stm32cube.ide.mcu.externaltools.gnu-tools-for-stm32.13.3.rel1.win32_1.0.0.202411081344/tools/bin/../lib/gcc/arm-none-eabi/13.3.1/thumb/v7-m/nofp/crtn.o
 *(.fini)
 .fini          0x0800296c        0x4 C:/ST/STM32CubeIDE_1.19.0/STM32CubeIDE/plugins/com.st.stm32cube.ide.mcu.externaltools.gnu-tools-for-stm32.13.3.rel1.win32_1.0.0.202411081344/tools/bin/../lib/gcc/arm-none-eabi/13.3.1/thumb/v7-m/nofp/crti.o
                0x0800296c                _fini
 .fini          0x08002970        0x8 C:/ST/STM32CubeIDE_1.19.0/STM32CubeIDE/plugins/com.st.stm32cube.ide.mcu.externaltools.gnu-tools-for-stm32.13.3.rel1.win32_1.0.0.202411081344/tools/bin/../lib/gcc/arm-none-eabi/13.3.1/thumb/v7-m/nofp/crtn.o
                0x08002978                        . = ALIGN (0x4)
                0x08002978                        _etext = .

.vfp11_veneer   0x08002978        0x0
 .vfp11_veneer  0x08002978        0x0 linker stubs

.v4_bx          0x08002978        0x0
 .v4_bx         0x08002978        0x0 linker stubs

.iplt           0x08002978        0x0
 .iplt          0x08002978        0x0 C:/ST/STM32CubeIDE_1.19.0/STM32CubeIDE/plugins/com.st.stm32cube.ide.mcu.externaltools.gnu-tools-for-stm32.13.3.rel1.win32_1.0.0.202411081344/tools/bin/../lib/gcc/arm-none-eabi/13.3.1/thumb/v7-m/nofp/crtbegin.o

.rodata         0x08002978       0x2c
                0x08002978                        . = ALIGN (0x4)
 *(.rodata)
 *(.rodata*)
 .rodata.AHBPrescTable
                0x08002978       0x10 ./Core/Src/system_stm32f1xx.o
                0x08002978                AHBPrescTable
 .rodata.APBPrescTable
                0x08002988        0x8 ./Core/Src/system_stm32f1xx.o
                0x08002988                APBPrescTable
 .rodata.aPLLMULFactorTable.1
                0x08002990       0x10 ./Drivers/STM32F1xx_HAL_Driver/Src/stm32f1xx_hal_rcc.o
 .rodata.aPredivFactorTable.0
                0x080029a0        0x2 ./Drivers/STM32F1xx_HAL_Driver/Src/stm32f1xx_hal_rcc.o
                0x080029a4                        . = ALIGN (0x4)
 *fill*         0x080029a2        0x2 

.ARM.extab      0x080029a4        0x0
                0x080029a4                        . = ALIGN (0x4)
 *(.ARM.extab* .gnu.linkonce.armextab.*)
                0x080029a4                        . = ALIGN (0x4)

.ARM            0x080029a4        0x0
                0x080029a4                        . = ALIGN (0x4)
                0x080029a4                        __exidx_start = .
 *(.ARM.exidx*)
                0x080029a4                        __exidx_end = .
                0x080029a4                        . = ALIGN (0x4)

.preinit_array  0x080029a4        0x0
                0x080029a4                        . = ALIGN (0x4)
                0x080029a4                        PROVIDE (__preinit_array_start = .)
 *(.preinit_array*)
                0x080029a4                        PROVIDE (__preinit_array_end = .)
                0x080029a4                        . = ALIGN (0x4)

.init_array     0x080029a4        0x4
                0x080029a4                        . = ALIGN (0x4)
                0x080029a4                        PROVIDE (__init_array_start = .)
 *(SORT_BY_NAME(.init_array.*))
 *(.init_array*)
 .init_array    0x080029a4        0x4 C:/ST/STM32CubeIDE_1.19.0/STM32CubeIDE/plugins/com.st.stm32cube.ide.mcu.externaltools.gnu-tools-for-stm32.13.3.rel1.win32_1.0.0.202411081344/tools/bin/../lib/gcc/arm-none-eabi/13.3.1/thumb/v7-m/nofp/crtbegin.o
                0x080029a8                        PROVIDE (__init_array_end = .)
                0x080029a8                        . = ALIGN (0x4)

.fini_array     0x080029a8        0x4
                0x080029a8                        . = ALIGN (0x4)
                [!provide]                        PROVIDE (__fini_array_start = .)
 *(SORT_BY_NAME(.fini_array.*))
 *(.fini_array*)
 .fini_array    0x080029a8        0x4 C:/ST/STM32CubeIDE_1.19.0/STM32CubeIDE/plugins/com.st.stm32cube.ide.mcu.externaltools.gnu-tools-for-stm32.13.3.rel1.win32_1.0.0.202411081344/tools/bin/../lib/gcc/arm-none-eabi/13.3.1/thumb/v7-m/nofp/crtbegin.o
                [!provide]                        PROVIDE (__fini_array_end = .)
                0x080029ac                        . = ALIGN (0x4)
                0x080029ac                        _sidata = LOADADDR (.data)

.rel.dyn        0x080029ac        0x0
 .rel.iplt      0x080029ac        0x0 C:/ST/STM32CubeIDE_1.19.0/STM32CubeIDE/plugins/com.st.stm32cube.ide.mcu.externaltools.gnu-tools-for-stm32.13.3.rel1.win32_1.0.0.202411081344/tools/bin/../lib/gcc/arm-none-eabi/13.3.1/thumb/v7-m/nofp/crtbegin.o

.data           0x20000000       0x10 load address 0x080029ac
                0x20000000                        . = ALIGN (0x4)
                0x20000000                        _sdata = .
 *(.data)
 *(.data*)
 .data.SystemCoreClock
                0x20000000        0x4 ./Core/Src/system_stm32f1xx.o
                0x20000000                SystemCoreClock
 .data.dc_id    0x20000004        0x1 ./Core/Src/sensor/DC_sensor.o
 *fill*         0x20000005        0x3 
 .data.uwTickPrio
                0x20000008        0x4 ./Drivers/STM32F1xx_HAL_Driver/Src/stm32f1xx_hal.o
                0x20000008                uwTickPrio
 .data.uwTickFreq
                0x2000000c        0x1 ./Drivers/STM32F1xx_HAL_Driver/Src/stm32f1xx_hal.o
                0x2000000c                uwTickFreq
 *(.RamFunc)
 *(.RamFunc*)
                0x20000010                        . = ALIGN (0x4)
 *fill*         0x2000000d        0x3 
                0x20000010                        _edata = .

.igot.plt       0x20000010        0x0 load address 0x080029bc
 .igot.plt      0x20000010        0x0 C:/ST/STM32CubeIDE_1.19.0/STM32CubeIDE/plugins/com.st.stm32cube.ide.mcu.externaltools.gnu-tools-for-stm32.13.3.rel1.win32_1.0.0.202411081344/tools/bin/../lib/gcc/arm-none-eabi/13.3.1/thumb/v7-m/nofp/crtbegin.o
                0x20000010                        . = ALIGN (0x4)

.bss            0x20000010       0xdc load address 0x080029bc
                0x20000010                        _sbss = .
                0x20000010                        __bss_start__ = _sbss
 *(.bss)
 .bss           0x20000010       0x1c C:/ST/STM32CubeIDE_1.19.0/STM32CubeIDE/plugins/com.st.stm32cube.ide.mcu.externaltools.gnu-tools-for-stm32.13.3.rel1.win32_1.0.0.202411081344/tools/bin/../lib/gcc/arm-none-eabi/13.3.1/thumb/v7-m/nofp/crtbegin.o
 *(.bss*)
 .bss.out       0x2000002c       0x10 ./Core/Src/apply/apply.o
                0x2000002c                out
 .bss.last_tick
                0x2000003c        0x4 ./Core/Src/apply/apply.o
 .bss.dc_raw    0x20000040       0x15 ./Core/Src/apply/apply.o
                0x20000040                dc_raw
 *fill*         0x20000055        0x3 
 .bss.X_uart    0x20000058       0x24 ./Core/Src/comm/uart_comm.o
 .bss.huart1    0x2000007c       0x48 ./Core/Src/main.o
                0x2000007c                huart1
 .bss.dc_state  0x200000c4        0x1 ./Core/Src/sensor/DC_sensor.o
 .bss.dc_ready  0x200000c5        0x1 ./Core/Src/sensor/DC_sensor.o
 *fill*         0x200000c6        0x2 
 .bss.tx_buf    0x200000c8        0x8 ./Core/Src/sensor/DC_sensor.o
 .bss.rx_buf    0x200000d0       0x15 ./Core/Src/sensor/DC_sensor.o
 *fill*         0x200000e5        0x3 
 .bss.uwTick    0x200000e8        0x4 ./Drivers/STM32F1xx_HAL_Driver/Src/stm32f1xx_hal.o
                0x200000e8                uwTick
 *(COMMON)
                0x200000ec                        . = ALIGN (0x4)
                0x200000ec                        _ebss = .
                0x200000ec                        __bss_end__ = _ebss

._user_heap_stack
                0x200000ec      0x604 load address 0x080029bc
                0x200000f0                        . = ALIGN (0x8)
 *fill*         0x200000ec        0x4 
                [!provide]                        PROVIDE (end = .)
                0x200000f0                        PROVIDE (_end = .)
                0x200002f0                        . = (. + _Min_Heap_Size)
 *fill*         0x200000f0      0x200 
                0x200006f0                        . = (. + _Min_Stack_Size)
 *fill*         0x200002f0      0x400 
                0x200006f0                        . = ALIGN (0x8)

/DISCARD/
 libc.a(*)
 libm.a(*)
 libgcc.a(*)

.ARM.attributes
                0x00000000       0x29
 *(.ARM.attributes)
 .ARM.attributes
                0x00000000       0x1d C:/ST/STM32CubeIDE_1.19.0/STM32CubeIDE/plugins/com.st.stm32cube.ide.mcu.externaltools.gnu-tools-for-stm32.13.3.rel1.win32_1.0.0.202411081344/tools/bin/../lib/gcc/arm-none-eabi/13.3.1/thumb/v7-m/nofp/crti.o
 .ARM.attributes
                0x0000001d       0x2d C:/ST/STM32CubeIDE_1.19.0/STM32CubeIDE/plugins/com.st.stm32cube.ide.mcu.externaltools.gnu-tools-for-stm32.13.3.rel1.win32_1.0.0.202411081344/tools/bin/../lib/gcc/arm-none-eabi/13.3.1/thumb/v7-m/nofp/crtbegin.o
 .ARM.attributes
                0x0000004a       0x2d ./Core/Src/apply/apply.o
 .ARM.attributes
                0x00000077       0x2d ./Core/Src/comm/uart_comm.o
 .ARM.attributes
                0x000000a4       0x2d ./Core/Src/main.o
 .ARM.attributes
                0x000000d1       0x2d ./Core/Src/stm32f1xx_hal_msp.o
 .ARM.attributes
                0x000000fe       0x2d ./Core/Src/stm32f1xx_it.o
 .ARM.attributes
                0x0000012b       0x2d ./Core/Src/system_stm32f1xx.o
 .ARM.attributes
                0x00000158       0x2d ./Core/Src/sensor/DC_sensor.o
 .ARM.attributes
                0x00000185       0x21 ./Core/Startup/startup_stm32f103c6tx.o
 .ARM.attributes
                0x000001a6       0x2d ./Drivers/STM32F1xx_HAL_Driver/Src/stm32f1xx_hal.o
 .ARM.attributes
                0x000001d3       0x2d ./Drivers/STM32F1xx_HAL_Driver/Src/stm32f1xx_hal_cortex.o
 .ARM.attributes
                0x00000200       0x2d ./Drivers/STM32F1xx_HAL_Driver/Src/stm32f1xx_hal_dma.o
 .ARM.attributes
                0x0000022d       0x2d ./Drivers/STM32F1xx_HAL_Driver/Src/stm32f1xx_hal_gpio.o
 .ARM.attributes
                0x0000025a       0x2d ./Drivers/STM32F1xx_HAL_Driver/Src/stm32f1xx_hal_rcc.o
 .ARM.attributes
                0x00000287       0x2d ./Drivers/STM32F1xx_HAL_Driver/Src/stm32f1xx_hal_uart.o
 .ARM.attributes
                0x000002b4       0x2d C:/ST/STM32CubeIDE_1.19.0/STM32CubeIDE/plugins/com.st.stm32cube.ide.mcu.externaltools.gnu-tools-for-stm32.13.3.rel1.win32_1.0.0.202411081344/tools/bin/../lib/gcc/arm-none-eabi/13.3.1/../../../../arm-none-eabi/lib/thumb/v7-m/nofp\libc_nano.a(libc_a-memset.o)
 .ARM.attributes
                0x000002e1       0x2d C:/ST/STM32CubeIDE_1.19.0/STM32CubeIDE/plugins/com.st.stm32cube.ide.mcu.externaltools.gnu-tools-for-stm32.13.3.rel1.win32_1.0.0.202411081344/tools/bin/../lib/gcc/arm-none-eabi/13.3.1/../../../../arm-none-eabi/lib/thumb/v7-m/nofp\libc_nano.a(libc_a-init.o)
 .ARM.attributes
                0x0000030e       0x1d C:/ST/STM32CubeIDE_1.19.0/STM32CubeIDE/plugins/com.st.stm32cube.ide.mcu.externaltools.gnu-tools-for-stm32.13.3.rel1.win32_1.0.0.202411081344/tools/bin/../lib/gcc/arm-none-eabi/13.3.1/thumb/v7-m/nofp/crtn.o
OUTPUT(DC_SENSOR.elf elf32-littlearm)
LOAD linker stubs
LOAD C:/ST/STM32CubeIDE_1.19.0/STM32CubeIDE/plugins/com.st.stm32cube.ide.mcu.externaltools.gnu-tools-for-stm32.13.3.rel1.win32_1.0.0.202411081344/tools/bin/../lib/gcc/arm-none-eabi/13.3.1/../../../../arm-none-eabi/lib/thumb/v7-m/nofp\libc.a
LOAD C:/ST/STM32CubeIDE_1.19.0/STM32CubeIDE/plugins/com.st.stm32cube.ide.mcu.externaltools.gnu-tools-for-stm32.13.3.rel1.win32_1.0.0.202411081344/tools/bin/../lib/gcc/arm-none-eabi/13.3.1/../../../../arm-none-eabi/lib/thumb/v7-m/nofp\libm.a
LOAD C:/ST/STM32CubeIDE_1.19.0/STM32CubeIDE/plugins/com.st.stm32cube.ide.mcu.externaltools.gnu-tools-for-stm32.13.3.rel1.win32_1.0.0.202411081344/tools/bin/../lib/gcc/arm-none-eabi/13.3.1/thumb/v7-m/nofp\libgcc.a

.debug_info     0x00000000     0x8316
 .debug_info    0x00000000      0x6e9 ./Core/Src/apply/apply.o
 .debug_info    0x000006e9      0x97b ./Core/Src/comm/uart_comm.o
 .debug_info    0x00001064      0x846 ./Core/Src/main.o
 .debug_info    0x000018aa      0x96b ./Core/Src/stm32f1xx_hal_msp.o
 .debug_info    0x00002215      0x5eb ./Core/Src/stm32f1xx_it.o
 .debug_info    0x00002800      0x222 ./Core/Src/system_stm32f1xx.o
 .debug_info    0x00002a22      0x436 ./Core/Src/sensor/DC_sensor.o
 .debug_info    0x00002e58       0x30 ./Core/Startup/startup_stm32f103c6tx.o
 .debug_info    0x00002e88      0x6e6 ./Drivers/STM32F1xx_HAL_Driver/Src/stm32f1xx_hal.o
 .debug_info    0x0000356e      0xa69 ./Drivers/STM32F1xx_HAL_Driver/Src/stm32f1xx_hal_cortex.o
 .debug_info    0x00003fd7      0x6d2 ./Drivers/STM32F1xx_HAL_Driver/Src/stm32f1xx_hal_dma.o
 .debug_info    0x000046a9      0x5ab ./Drivers/STM32F1xx_HAL_Driver/Src/stm32f1xx_hal_gpio.o
 .debug_info    0x00004c54      0x7d5 ./Drivers/STM32F1xx_HAL_Driver/Src/stm32f1xx_hal_rcc.o
 .debug_info    0x00005429     0x2eed ./Drivers/STM32F1xx_HAL_Driver/Src/stm32f1xx_hal_uart.o

.debug_abbrev   0x00000000     0x1b78
 .debug_abbrev  0x00000000      0x226 ./Core/Src/apply/apply.o
 .debug_abbrev  0x00000226      0x206 ./Core/Src/comm/uart_comm.o
 .debug_abbrev  0x0000042c      0x232 ./Core/Src/main.o
 .debug_abbrev  0x0000065e      0x1ca ./Core/Src/stm32f1xx_hal_msp.o
 .debug_abbrev  0x00000828      0x176 ./Core/Src/stm32f1xx_it.o
 .debug_abbrev  0x0000099e      0x13f ./Core/Src/system_stm32f1xx.o
 .debug_abbrev  0x00000add      0x1fe ./Core/Src/sensor/DC_sensor.o
 .debug_abbrev  0x00000cdb       0x24 ./Core/Startup/startup_stm32f103c6tx.o
 .debug_abbrev  0x00000cff      0x201 ./Drivers/STM32F1xx_HAL_Driver/Src/stm32f1xx_hal.o
 .debug_abbrev  0x00000f00      0x2f8 ./Drivers/STM32F1xx_HAL_Driver/Src/stm32f1xx_hal_cortex.o
 .debug_abbrev  0x000011f8      0x20b ./Drivers/STM32F1xx_HAL_Driver/Src/stm32f1xx_hal_dma.o
 .debug_abbrev  0x00001403      0x1ca ./Drivers/STM32F1xx_HAL_Driver/Src/stm32f1xx_hal_gpio.o
 .debug_abbrev  0x000015cd      0x2b3 ./Drivers/STM32F1xx_HAL_Driver/Src/stm32f1xx_hal_rcc.o
 .debug_abbrev  0x00001880      0x2f8 ./Drivers/STM32F1xx_HAL_Driver/Src/stm32f1xx_hal_uart.o

.debug_aranges  0x00000000      0x790
 .debug_aranges
                0x00000000       0x38 ./Core/Src/apply/apply.o
 .debug_aranges
                0x00000038       0x88 ./Core/Src/comm/uart_comm.o
 .debug_aranges
                0x000000c0       0x40 ./Core/Src/main.o
 .debug_aranges
                0x00000100       0x30 ./Core/Src/stm32f1xx_hal_msp.o
 .debug_aranges
                0x00000130       0x68 ./Core/Src/stm32f1xx_it.o
 .debug_aranges
                0x00000198       0x28 ./Core/Src/system_stm32f1xx.o
 .debug_aranges
                0x000001c0       0x58 ./Core/Src/sensor/DC_sensor.o
 .debug_aranges
                0x00000218       0x28 ./Core/Startup/startup_stm32f103c6tx.o
 .debug_aranges
                0x00000240       0xe0 ./Drivers/STM32F1xx_HAL_Driver/Src/stm32f1xx_hal.o
 .debug_aranges
                0x00000320      0x100 ./Drivers/STM32F1xx_HAL_Driver/Src/stm32f1xx_hal_cortex.o
 .debug_aranges
                0x00000420       0x80 ./Drivers/STM32F1xx_HAL_Driver/Src/stm32f1xx_hal_dma.o
 .debug_aranges
                0x000004a0       0x58 ./Drivers/STM32F1xx_HAL_Driver/Src/stm32f1xx_hal_gpio.o
 .debug_aranges
                0x000004f8       0x90 ./Drivers/STM32F1xx_HAL_Driver/Src/stm32f1xx_hal_rcc.o
 .debug_aranges
                0x00000588      0x208 ./Drivers/STM32F1xx_HAL_Driver/Src/stm32f1xx_hal_uart.o

.debug_rnglists
                0x00000000      0x5b9
 .debug_rnglists
                0x00000000       0x25 ./Core/Src/apply/apply.o
 .debug_rnglists
                0x00000025       0x64 ./Core/Src/comm/uart_comm.o
 .debug_rnglists
                0x00000089       0x2c ./Core/Src/main.o
 .debug_rnglists
                0x000000b5       0x20 ./Core/Src/stm32f1xx_hal_msp.o
 .debug_rnglists
                0x000000d5       0x49 ./Core/Src/stm32f1xx_it.o
 .debug_rnglists
                0x0000011e       0x1a ./Core/Src/system_stm32f1xx.o
 .debug_rnglists
                0x00000138       0x3f ./Core/Src/sensor/DC_sensor.o
 .debug_rnglists
                0x00000177       0x19 ./Core/Startup/startup_stm32f103c6tx.o
 .debug_rnglists
                0x00000190       0xa3 ./Drivers/STM32F1xx_HAL_Driver/Src/stm32f1xx_hal.o
 .debug_rnglists
                0x00000233       0xbb ./Drivers/STM32F1xx_HAL_Driver/Src/stm32f1xx_hal_cortex.o
 .debug_rnglists
                0x000002ee       0x64 ./Drivers/STM32F1xx_HAL_Driver/Src/stm32f1xx_hal_dma.o
 .debug_rnglists
                0x00000352       0x3f ./Drivers/STM32F1xx_HAL_Driver/Src/stm32f1xx_hal_gpio.o
 .debug_rnglists
                0x00000391       0x6c ./Drivers/STM32F1xx_HAL_Driver/Src/stm32f1xx_hal_rcc.o
 .debug_rnglists
                0x000003fd      0x1bc ./Drivers/STM32F1xx_HAL_Driver/Src/stm32f1xx_hal_uart.o

.debug_macro    0x00000000    0x16a2c
 .debug_macro   0x00000000      0x286 ./Core/Src/apply/apply.o
 .debug_macro   0x00000286      0xacc ./Core/Src/apply/apply.o
 .debug_macro   0x00000d52       0x22 ./Core/Src/apply/apply.o
 .debug_macro   0x00000d74       0x8e ./Core/Src/apply/apply.o
 .debug_macro   0x00000e02       0x51 ./Core/Src/apply/apply.o
 .debug_macro   0x00000e53      0x103 ./Core/Src/apply/apply.o
 .debug_macro   0x00000f56       0x6a ./Core/Src/apply/apply.o
 .debug_macro   0x00000fc0      0x1df ./Core/Src/apply/apply.o
 .debug_macro   0x0000119f      0x215 ./Core/Src/apply/apply.o
 .debug_macro   0x000013b4       0x2e ./Core/Src/apply/apply.o
 .debug_macro   0x000013e2       0x22 ./Core/Src/apply/apply.o
 .debug_macro   0x00001404       0x1c ./Core/Src/apply/apply.o
 .debug_macro   0x00001420       0x22 ./Core/Src/apply/apply.o
 .debug_macro   0x00001442       0xbd ./Core/Src/apply/apply.o
 .debug_macro   0x000014ff      0xd23 ./Core/Src/apply/apply.o
 .debug_macro   0x00002222     0xde75 ./Core/Src/apply/apply.o
 .debug_macro   0x00010097       0x6d ./Core/Src/apply/apply.o
 .debug_macro   0x00010104     0x34a2 ./Core/Src/apply/apply.o
 .debug_macro   0x000135a6      0x190 ./Core/Src/apply/apply.o
 .debug_macro   0x00013736       0x5c ./Core/Src/apply/apply.o
 .debug_macro   0x00013792      0x5bc ./Core/Src/apply/apply.o
 .debug_macro   0x00013d4e      0x1b7 ./Core/Src/apply/apply.o
 .debug_macro   0x00013f05      0x1cb ./Core/Src/apply/apply.o
 .debug_macro   0x000140d0      0x114 ./Core/Src/apply/apply.o
 .debug_macro   0x000141e4      0x1b2 ./Core/Src/apply/apply.o
 .debug_macro   0x00014396       0x27 ./Core/Src/apply/apply.o
 .debug_macro   0x000143bd      0x12f ./Core/Src/apply/apply.o
 .debug_macro   0x000144ec      0x1bc ./Core/Src/apply/apply.o
 .debug_macro   0x000146a8       0x34 ./Core/Src/apply/apply.o
 .debug_macro   0x000146dc       0x3c ./Core/Src/apply/apply.o
 .debug_macro   0x00014718       0x57 ./Core/Src/apply/apply.o
 .debug_macro   0x0001476f       0x87 ./Core/Src/apply/apply.o
 .debug_macro   0x000147f6      0x183 ./Core/Src/apply/apply.o
 .debug_macro   0x00014979      0x140 ./Core/Src/apply/apply.o
 .debug_macro   0x00014ab9      0x28e ./Core/Src/apply/apply.o
 .debug_macro   0x00014d47       0x69 ./Core/Src/apply/apply.o
 .debug_macro   0x00014db0       0x61 ./Core/Src/apply/apply.o
 .debug_macro   0x00014e11       0x24 ./Core/Src/apply/apply.o
 .debug_macro   0x00014e35       0x43 ./Core/Src/apply/apply.o
 .debug_macro   0x00014e78       0x34 ./Core/Src/apply/apply.o
 .debug_macro   0x00014eac      0x370 ./Core/Src/apply/apply.o
 .debug_macro   0x0001521c       0x16 ./Core/Src/apply/apply.o
 .debug_macro   0x00015232       0x4a ./Core/Src/apply/apply.o
 .debug_macro   0x0001527c       0x34 ./Core/Src/apply/apply.o
 .debug_macro   0x000152b0       0x10 ./Core/Src/apply/apply.o
 .debug_macro   0x000152c0       0x58 ./Core/Src/apply/apply.o
 .debug_macro   0x00015318       0x8e ./Core/Src/apply/apply.o
 .debug_macro   0x000153a6       0x1c ./Core/Src/apply/apply.o
 .debug_macro   0x000153c2      0x185 ./Core/Src/apply/apply.o
 .debug_macro   0x00015547       0x10 ./Core/Src/apply/apply.o
 .debug_macro   0x00015557       0x3c ./Core/Src/apply/apply.o
 .debug_macro   0x00015593       0x20 ./Core/Src/apply/apply.o
 .debug_macro   0x000155b3      0x1a9 ./Core/Src/comm/uart_comm.o
 .debug_macro   0x0001575c      0x1a0 ./Core/Src/main.o
 .debug_macro   0x000158fc      0x196 ./Core/Src/stm32f1xx_hal_msp.o
 .debug_macro   0x00015a92      0x1a0 ./Core/Src/stm32f1xx_it.o
 .debug_macro   0x00015c32      0x18c ./Core/Src/system_stm32f1xx.o
 .debug_macro   0x00015dbe      0x284 ./Core/Src/sensor/DC_sensor.o
 .debug_macro   0x00016042      0x1b0 ./Drivers/STM32F1xx_HAL_Driver/Src/stm32f1xx_hal.o
 .debug_macro   0x000161f2      0x18c ./Drivers/STM32F1xx_HAL_Driver/Src/stm32f1xx_hal_cortex.o
 .debug_macro   0x0001637e      0x18c ./Drivers/STM32F1xx_HAL_Driver/Src/stm32f1xx_hal_dma.o
 .debug_macro   0x0001650a      0x1f7 ./Drivers/STM32F1xx_HAL_Driver/Src/stm32f1xx_hal_gpio.o
 .debug_macro   0x00016701      0x19e ./Drivers/STM32F1xx_HAL_Driver/Src/stm32f1xx_hal_rcc.o
 .debug_macro   0x0001689f      0x18d ./Drivers/STM32F1xx_HAL_Driver/Src/stm32f1xx_hal_uart.o

.debug_line     0x00000000     0x9abf
 .debug_line    0x00000000      0x917 ./Core/Src/apply/apply.o
 .debug_line    0x00000917      0x9db ./Core/Src/comm/uart_comm.o
 .debug_line    0x000012f2      0x7b4 ./Core/Src/main.o
 .debug_line    0x00001aa6      0x722 ./Core/Src/stm32f1xx_hal_msp.o
 .debug_line    0x000021c8      0x792 ./Core/Src/stm32f1xx_it.o
 .debug_line    0x0000295a      0x74a ./Core/Src/system_stm32f1xx.o
 .debug_line    0x000030a4      0xad0 ./Core/Src/sensor/DC_sensor.o
 .debug_line    0x00003b74       0x78 ./Core/Startup/startup_stm32f103c6tx.o
 .debug_line    0x00003bec      0x97b ./Drivers/STM32F1xx_HAL_Driver/Src/stm32f1xx_hal.o
 .debug_line    0x00004567      0xb45 ./Drivers/STM32F1xx_HAL_Driver/Src/stm32f1xx_hal_cortex.o
 .debug_line    0x000050ac      0xd85 ./Drivers/STM32F1xx_HAL_Driver/Src/stm32f1xx_hal_dma.o
 .debug_line    0x00005e31      0x9c3 ./Drivers/STM32F1xx_HAL_Driver/Src/stm32f1xx_hal_gpio.o
 .debug_line    0x000067f4      0xe34 ./Drivers/STM32F1xx_HAL_Driver/Src/stm32f1xx_hal_rcc.o
 .debug_line    0x00007628     0x2497 ./Drivers/STM32F1xx_HAL_Driver/Src/stm32f1xx_hal_uart.o

.debug_str      0x00000000    0x7f741
 .debug_str     0x00000000    0x7f741 ./Core/Src/apply/apply.o
                              0x7dda4 (size before relaxing)
 .debug_str     0x0007f741    0x7acd9 ./Core/Src/comm/uart_comm.o
 .debug_str     0x0007f741    0x7ac58 ./Core/Src/main.o
 .debug_str     0x0007f741    0x7ae05 ./Core/Src/stm32f1xx_hal_msp.o
 .debug_str     0x0007f741    0x7aaef ./Core/Src/stm32f1xx_it.o
 .debug_str     0x0007f741    0x7a6ca ./Core/Src/system_stm32f1xx.o
 .debug_str     0x0007f741    0x7daa6 ./Core/Src/sensor/DC_sensor.o
 .debug_str     0x0007f741       0x7f ./Core/Startup/startup_stm32f103c6tx.o
 .debug_str     0x0007f741    0x7adc3 ./Drivers/STM32F1xx_HAL_Driver/Src/stm32f1xx_hal.o
 .debug_str     0x0007f741    0x7ad0f ./Drivers/STM32F1xx_HAL_Driver/Src/stm32f1xx_hal_cortex.o
 .debug_str     0x0007f741    0x7aa73 ./Drivers/STM32F1xx_HAL_Driver/Src/stm32f1xx_hal_dma.o
 .debug_str     0x0007f741    0x7aa50 ./Drivers/STM32F1xx_HAL_Driver/Src/stm32f1xx_hal_gpio.o
 .debug_str     0x0007f741    0x7aaf9 ./Drivers/STM32F1xx_HAL_Driver/Src/stm32f1xx_hal_rcc.o
 .debug_str     0x0007f741    0x7b16a ./Drivers/STM32F1xx_HAL_Driver/Src/stm32f1xx_hal_uart.o

.comment        0x00000000       0x43
 .comment       0x00000000       0x43 ./Core/Src/apply/apply.o
                                 0x44 (size before relaxing)
 .comment       0x00000043       0x44 ./Core/Src/comm/uart_comm.o
 .comment       0x00000043       0x44 ./Core/Src/main.o
 .comment       0x00000043       0x44 ./Core/Src/stm32f1xx_hal_msp.o
 .comment       0x00000043       0x44 ./Core/Src/stm32f1xx_it.o
 .comment       0x00000043       0x44 ./Core/Src/system_stm32f1xx.o
 .comment       0x00000043       0x44 ./Core/Src/sensor/DC_sensor.o
 .comment       0x00000043       0x44 ./Drivers/STM32F1xx_HAL_Driver/Src/stm32f1xx_hal.o
 .comment       0x00000043       0x44 ./Drivers/STM32F1xx_HAL_Driver/Src/stm32f1xx_hal_cortex.o
 .comment       0x00000043       0x44 ./Drivers/STM32F1xx_HAL_Driver/Src/stm32f1xx_hal_dma.o
 .comment       0x00000043       0x44 ./Drivers/STM32F1xx_HAL_Driver/Src/stm32f1xx_hal_gpio.o
 .comment       0x00000043       0x44 ./Drivers/STM32F1xx_HAL_Driver/Src/stm32f1xx_hal_rcc.o
 .comment       0x00000043       0x44 ./Drivers/STM32F1xx_HAL_Driver/Src/stm32f1xx_hal_uart.o

.debug_frame    0x00000000     0x1cd0
 .debug_frame   0x00000000       0x88 ./Core/Src/apply/apply.o
 .debug_frame   0x00000088      0x224 ./Core/Src/comm/uart_comm.o
 .debug_frame   0x000002ac       0xac ./Core/Src/main.o
 .debug_frame   0x00000358       0x80 ./Core/Src/stm32f1xx_hal_msp.o
 .debug_frame   0x000003d8      0x120 ./Core/Src/stm32f1xx_it.o
 .debug_frame   0x000004f8       0x58 ./Core/Src/system_stm32f1xx.o
 .debug_frame   0x00000550      0x128 ./Core/Src/sensor/DC_sensor.o
 .debug_frame   0x00000678      0x334 ./Drivers/STM32F1xx_HAL_Driver/Src/stm32f1xx_hal.o
 .debug_frame   0x000009ac      0x428 ./Drivers/STM32F1xx_HAL_Driver/Src/stm32f1xx_hal_cortex.o
 .debug_frame   0x00000dd4      0x208 ./Drivers/STM32F1xx_HAL_Driver/Src/stm32f1xx_hal_dma.o
 .debug_frame   0x00000fdc      0x14c ./Drivers/STM32F1xx_HAL_Driver/Src/stm32f1xx_hal_gpio.o
 .debug_frame   0x00001128      0x218 ./Drivers/STM32F1xx_HAL_Driver/Src/stm32f1xx_hal_rcc.o
 .debug_frame   0x00001340      0x944 ./Drivers/STM32F1xx_HAL_Driver/Src/stm32f1xx_hal_uart.o
 .debug_frame   0x00001c84       0x20 C:/ST/STM32CubeIDE_1.19.0/STM32CubeIDE/plugins/com.st.stm32cube.ide.mcu.externaltools.gnu-tools-for-stm32.13.3.rel1.win32_1.0.0.202411081344/tools/bin/../lib/gcc/arm-none-eabi/13.3.1/../../../../arm-none-eabi/lib/thumb/v7-m/nofp\libc_nano.a(libc_a-memset.o)
 .debug_frame   0x00001ca4       0x2c C:/ST/STM32CubeIDE_1.19.0/STM32CubeIDE/plugins/com.st.stm32cube.ide.mcu.externaltools.gnu-tools-for-stm32.13.3.rel1.win32_1.0.0.202411081344/tools/bin/../lib/gcc/arm-none-eabi/13.3.1/../../../../arm-none-eabi/lib/thumb/v7-m/nofp\libc_nano.a(libc_a-init.o)

.debug_line_str
                0x00000000       0x63
 .debug_line_str
                0x00000000       0x63 ./Core/Startup/startup_stm32f103c6tx.o
