../Core/Src/sensor/DC_sensor.c:15:13:PZEM003_DC_BuildCommand	4	static
../Core/Src/sensor/DC_sensor.c:28:17:calcCRC	24	static
../Core/Src/sensor/DC_sensor.c:45:16:PZEM003_CRC_CHECK	24	static
../Core/Src/sensor/DC_sensor.c:84:9:PZEM003_DC_ParseRawValue	16	static
../Core/Src/sensor/DC_sensor.c:115:9:PZEM003_DC_Sensor_Request	8	static
../Core/Src/sensor/DC_sensor.c:144:6:PZEM003_DC_Sensor_Init	16	static
../Core/Src/sensor/DC_sensor.c:155:6:PZEM003_DC_Sensor_Task	8	static
../Core/Src/sensor/DC_sensor.c:196:9:PZEM003_DC_Sensor_GetRaw	24	static
