../Core/Src/sensor/NTS250P_INVERTER.c:47:17:NTS250_ParseU16	24	static
../Core/Src/sensor/NTS250P_INVERTER.c:65:16:NTS250_ParseU8	16	static
../Core/Src/sensor/NTS250P_INVERTER.c:70:16:NTS250_ParseS16_X10	24	static
../Core/Src/sensor/NTS250P_INVERTER.c:116:17:NTS250_ParseU16_X10	24	static
../Core/Src/sensor/NTS250P_INVERTER.c:128:13:NTS250_ClearLatest	8	static
../Core/Src/sensor/NTS250P_INVERTER.c:134:13:NTS250_ClearRxBuffer	8	static
../Core/Src/sensor/NTS250P_INVERTER.c:140:13:NTS250_ResetComm	8	static
../Core/Src/sensor/NTS250P_INVERTER.c:148:16:NTS250_StripFrame	32	static
../Core/Src/sensor/NTS250P_INVERTER.c:185:16:NTS250_ParseStatusBits	24	static
../Core/Src/sensor/NTS250P_INVERTER.c:224:16:NTS250_ParsePayload	64	static
../Core/Src/sensor/NTS250P_INVERTER.c:262:6:NTS250_init	16	static
../Core/Src/sensor/NTS250P_INVERTER.c:273:6:NTS250_Task	8	static
../Core/Src/sensor/NTS250P_INVERTER.c:409:9:NTS250_GetLatest	32	static
